[2m2026-08-24T04:55:55.712360Z[0m [31mERROR[0m [2mglazewm[0m[2m:[0m Shell exec failed for 'zebar'. Make sure the program exists and is accessible from your shell. Error: 操作已被用户取消。 (0x800704C7)
[2m2026-08-24T05:55:13.538823Z[0m [31mERROR[0m [2mglazewm[0m[2m:[0m did not find expected key at line 160 column 1, while parsing a block mapping
[2m2026-08-24T05:56:12.183382Z[0m [31mERROR[0m [2mglazewm[0m[2m:[0m did not find expected key at line 160 column 1, while parsing a block mapping
[2m2026-08-24T05:57:14.763982Z[0m [31mERROR[0m [2mglazewm[0m[2m:[0m did not find expected key at line 160 column 1, while parsing a block mapping
[2m2026-08-24T05:58:02.629703Z[0m [31mERROR[0m [2mglazewm[0m[2m:[0m window_rules[1]: missing field `match` at line 160 column 5
[2m2026-08-24T15:13:24.037157Z[0m [31mERROR[0m [2mglazewm[0m[2m:[0m Shell exec failed for 'zebar'. Make sure the program exists and is accessible from your shell. Error: 操作已被用户取消。 (0x800704C7)
[2m2026-08-25T04:27:34.973883Z[0m [31mERROR[0m [2mglazewm[0m[2m:[0m Shell exec failed for 'zebar'. Make sure the program exists and is accessible from your shell. Error: 操作已被用户取消。 (0x800704C7)
[2m2026-08-25T09:30:23.243286Z[0m [31mERROR[0m [2mglazewm[0m[2m:[0m duplicate field `window_rules`
[2m2026-08-25T09:30:27.442275Z[0m [31mERROR[0m [2mglazewm[0m[2m:[0m duplicate field `window_rules`
[2m2026-08-25T09:30:38.301443Z[0m [31mERROR[0m [2mglazewm[0m[2m:[0m duplicate field `window_rules`
[2m2026-08-25T09:30:59.244155Z[0m [31mERROR[0m [2mglazewm[0m[2m:[0m found unknown escape character at line 143 column 51, while parsing a quoted scalar at line 143 column 34
[2m2026-08-26T04:37:29.918048Z[0m [31mERROR[0m [2mglazewm[0m[2m:[0m Shell exec failed for 'zebar'. Make sure the program exists and is accessible from your shell. Error: 操作已被用户取消。 (0x800704C7)
[2m2026-08-26T15:01:42.543429Z[0m [31mERROR[0m [2mglazewm[0m[2m:[0m Shell exec failed for 'zebar'. Make sure the program exists and is accessible from your shell. Error: 操作已被用户取消。 (0x800704C7)
[2m2026-08-27T05:19:11.246528Z[0m [31mERROR[0m [2mglazewm[0m[2m:[0m Shell exec failed for 'zebar'. Make sure the program exists and is accessible from your shell. Error: 操作已被用户取消。 (0x800704C7)
[2m2026-08-28T01:37:56.329573Z[0m [31mERROR[0m [2mglazewm[0m[2m:[0m Shell exec failed for 'zebar'. Make sure the program exists and is accessible from your shell. Error: 操作已被用户取消。 (0x800704C7)
[2m2026-08-28T01:38:00.758912Z[0m [31mERROR[0m [2mglazewm[0m[2m:[0m Platform error: Another instance of the application is already running.
[2m2026-08-28T15:32:23.809496Z[0m [31mERROR[0m [2mglazewm[0m[2m:[0m Shell exec failed for 'zebar'. Make sure the program exists and is accessible from your shell. Error: 操作已被用户取消。 (0x800704C7)
[2m2026-08-29T05:07:57.051708Z[0m [31mERROR[0m [2mglazewm[0m[2m:[0m Shell exec failed for 'zebar'. Make sure the program exists and is accessible from your shell. Error: 操作已被用户取消。 (0x800704C7)
[2m2026-08-29T15:19:07.701682Z[0m [31mERROR[0m [2mglazewm[0m[2m:[0m Shell exec failed for 'zebar'. Make sure the program exists and is accessible from your shell. Error: 操作已被用户取消。 (0x800704C7)
[2m2026-08-30T05:21:54.238689Z[0m [31mERROR[0m [2mglazewm[0m[2m:[0m Shell exec failed for 'zebar'. Make sure the program exists and is accessible from your shell. Error: 操作已被用户取消。 (0x800704C7)
[2m2026-08-30T15:16:43.377073Z[0m [31mERROR[0m [2mglazewm[0m[2m:[0m Shell exec failed for 'zebar'. Make sure the program exists and is accessible from your shell. Error: 操作已被用户取消。 (0x800704C7)
[2m2026-08-30T16:02:34.327212Z[0m [31mERROR[0m [2mglazewm[0m[2m:[0m Platform error: Another instance of the application is already running.
[2m2026-08-30T16:02:47.157319Z[0m [31mERROR[0m [2mglazewm[0m[2m:[0m Shell exec failed for 'zebar'. Make sure the program exists and is accessible from your shell. Error: 操作已被用户取消。 (0x800704C7)
[2m2026-08-30T16:57:42.363011Z[0m [31mERROR[0m [2mglazewm[0m[2m:[0m Platform error: Another instance of the application is already running.
[2m2026-08-30T16:57:50.759523Z[0m [31mERROR[0m [2mglazewm[0m[2m:[0m Platform error: Another instance of the application is already running.
